15:42:37 **** Build of configuration Debug for project N64_Piggy_Pad_Cable ****
make -j12 all 
arm-none-eabi-gcc -mcpu=cortex-m4 -g3 -c -x assembler-with-cpp -MMD -MP -MF"Startup/startup_stm32f411ceux.d" -MT"Startup/startup_stm32f411ceux.o" --specs=nano.specs -mfpu=fpv4-sp-d16 -mfloat-abi=hard -mthumb -o "Startup/startup_stm32f411ceux.o" "../Startup/startup_stm32f411ceux.s"
arm-none-eabi-gcc "../Src/comms_n64_console.c" -mcpu=cortex-m4 -std=gnu11 -g3 -DUSE_HAL_DRIVER -DSTM32F411xE -c -I../Inc -I"C:/Users/jcorleto/Documents/Altium Docs/Piggy-Pad-Firmware-Workspace/N64_Piggy_Pad_Cable/Drivers/CMSIS/Include" -I"C:/Users/jcorleto/Documents/Altium Docs/Piggy-Pad-Firmware-Workspace/N64_Piggy_Pad_Cable/Drivers/CMSIS/Device/ST/STM32F4xx/Include" -I"C:/Users/jcorleto/Documents/Altium Docs/Piggy-Pad-Firmware-Workspace/N64_Piggy_Pad_Cable/Drivers/STM32F4xx_HAL_Driver/Inc" -O0 -ffunction-sections -fdata-sections -Wall -fstack-usage -MMD -MP -MF"Src/comms_n64_console.d" -MT"Src/comms_n64_console.o" --specs=nano.specs -mfpu=fpv4-sp-d16 -mfloat-abi=hard -mthumb -o "Src/comms_n64_console.o"
arm-none-eabi-gcc "../Src/main.c" -mcpu=cortex-m4 -std=gnu11 -g3 -DUSE_HAL_DRIVER -DSTM32F411xE -c -I../Inc -I"C:/Users/jcorleto/Documents/Altium Docs/Piggy-Pad-Firmware-Workspace/N64_Piggy_Pad_Cable/Drivers/CMSIS/Include" -I"C:/Users/jcorleto/Documents/Altium Docs/Piggy-Pad-Firmware-Workspace/N64_Piggy_Pad_Cable/Drivers/CMSIS/Device/ST/STM32F4xx/Include" -I"C:/Users/jcorleto/Documents/Altium Docs/Piggy-Pad-Firmware-Workspace/N64_Piggy_Pad_Cable/Drivers/STM32F4xx_HAL_Driver/Inc" -O0 -ffunction-sections -fdata-sections -Wall -fstack-usage -MMD -MP -MF"Src/main.d" -MT"Src/main.o" --specs=nano.specs -mfpu=fpv4-sp-d16 -mfloat-abi=hard -mthumb -o "Src/main.o"
arm-none-eabi-gcc "../Src/syscalls.c" -mcpu=cortex-m4 -std=gnu11 -g3 -DUSE_HAL_DRIVER -DSTM32F411xE -c -I../Inc -I"C:/Users/jcorleto/Documents/Altium Docs/Piggy-Pad-Firmware-Workspace/N64_Piggy_Pad_Cable/Drivers/CMSIS/Include" -I"C:/Users/jcorleto/Documents/Altium Docs/Piggy-Pad-Firmware-Workspace/N64_Piggy_Pad_Cable/Drivers/CMSIS/Device/ST/STM32F4xx/Include" -I"C:/Users/jcorleto/Documents/Altium Docs/Piggy-Pad-Firmware-Workspace/N64_Piggy_Pad_Cable/Drivers/STM32F4xx_HAL_Driver/Inc" -O0 -ffunction-sections -fdata-sections -Wall -fstack-usage -MMD -MP -MF"Src/syscalls.d" -MT"Src/syscalls.o" --specs=nano.specs -mfpu=fpv4-sp-d16 -mfloat-abi=hard -mthumb -o "Src/syscalls.o"
arm-none-eabi-gcc "../Src/sysmem.c" -mcpu=cortex-m4 -std=gnu11 -g3 -DUSE_HAL_DRIVER -DSTM32F411xE -c -I../Inc -I"C:/Users/jcorleto/Documents/Altium Docs/Piggy-Pad-Firmware-Workspace/N64_Piggy_Pad_Cable/Drivers/CMSIS/Include" -I"C:/Users/jcorleto/Documents/Altium Docs/Piggy-Pad-Firmware-Workspace/N64_Piggy_Pad_Cable/Drivers/CMSIS/Device/ST/STM32F4xx/Include" -I"C:/Users/jcorleto/Documents/Altium Docs/Piggy-Pad-Firmware-Workspace/N64_Piggy_Pad_Cable/Drivers/STM32F4xx_HAL_Driver/Inc" -O0 -ffunction-sections -fdata-sections -Wall -fstack-usage -MMD -MP -MF"Src/sysmem.d" -MT"Src/sysmem.o" --specs=nano.specs -mfpu=fpv4-sp-d16 -mfloat-abi=hard -mthumb -o "Src/sysmem.o"
arm-none-eabi-gcc "../Src/system_stm32f4xx.c" -mcpu=cortex-m4 -std=gnu11 -g3 -DUSE_HAL_DRIVER -DSTM32F411xE -c -I../Inc -I"C:/Users/jcorleto/Documents/Altium Docs/Piggy-Pad-Firmware-Workspace/N64_Piggy_Pad_Cable/Drivers/CMSIS/Include" -I"C:/Users/jcorleto/Documents/Altium Docs/Piggy-Pad-Firmware-Workspace/N64_Piggy_Pad_Cable/Drivers/CMSIS/Device/ST/STM32F4xx/Include" -I"C:/Users/jcorleto/Documents/Altium Docs/Piggy-Pad-Firmware-Workspace/N64_Piggy_Pad_Cable/Drivers/STM32F4xx_HAL_Driver/Inc" -O0 -ffunction-sections -fdata-sections -Wall -fstack-usage -MMD -MP -MF"Src/system_stm32f4xx.d" -MT"Src/system_stm32f4xx.o" --specs=nano.specs -mfpu=fpv4-sp-d16 -mfloat-abi=hard -mthumb -o "Src/system_stm32f4xx.o"
arm-none-eabi-gcc "../Drivers/STM32F4xx_HAL_Driver/Src/Legacy/stm32f4xx_hal_can.c" -mcpu=cortex-m4 -std=gnu11 -g3 -DUSE_HAL_DRIVER -DSTM32F411xE -c -I../Inc -I"C:/Users/jcorleto/Documents/Altium Docs/Piggy-Pad-Firmware-Workspace/N64_Piggy_Pad_Cable/Drivers/CMSIS/Include" -I"C:/Users/jcorleto/Documents/Altium Docs/Piggy-Pad-Firmware-Workspace/N64_Piggy_Pad_Cable/Drivers/CMSIS/Device/ST/STM32F4xx/Include" -I"C:/Users/jcorleto/Documents/Altium Docs/Piggy-Pad-Firmware-Workspace/N64_Piggy_Pad_Cable/Drivers/STM32F4xx_HAL_Driver/Inc" -O0 -ffunction-sections -fdata-sections -Wall -fstack-usage -MMD -MP -MF"Drivers/STM32F4xx_HAL_Driver/Src/Legacy/stm32f4xx_hal_can.d" -MT"Drivers/STM32F4xx_HAL_Driver/Src/Legacy/stm32f4xx_hal_can.o" --specs=nano.specs -mfpu=fpv4-sp-d16 -mfloat-abi=hard -mthumb -o "Drivers/STM32F4xx_HAL_Driver/Src/Legacy/stm32f4xx_hal_can.o"
arm-none-eabi-gcc "../Drivers/STM32F4xx_HAL_Driver/Src/stm32f4xx_hal.c" -mcpu=cortex-m4 -std=gnu11 -g3 -DUSE_HAL_DRIVER -DSTM32F411xE -c -I../Inc -I"C:/Users/jcorleto/Documents/Altium Docs/Piggy-Pad-Firmware-Workspace/N64_Piggy_Pad_Cable/Drivers/CMSIS/Include" -I"C:/Users/jcorleto/Documents/Altium Docs/Piggy-Pad-Firmware-Workspace/N64_Piggy_Pad_Cable/Drivers/CMSIS/Device/ST/STM32F4xx/Include" -I"C:/Users/jcorleto/Documents/Altium Docs/Piggy-Pad-Firmware-Workspace/N64_Piggy_Pad_Cable/Drivers/STM32F4xx_HAL_Driver/Inc" -O0 -ffunction-sections -fdata-sections -Wall -fstack-usage -MMD -MP -MF"Drivers/STM32F4xx_HAL_Driver/Src/stm32f4xx_hal.d" -MT"Drivers/STM32F4xx_HAL_Driver/Src/stm32f4xx_hal.o" --specs=nano.specs -mfpu=fpv4-sp-d16 -mfloat-abi=hard -mthumb -o "Drivers/STM32F4xx_HAL_Driver/Src/stm32f4xx_hal.o"
arm-none-eabi-gcc "../Drivers/STM32F4xx_HAL_Driver/Src/stm32f4xx_hal_cortex.c" -mcpu=cortex-m4 -std=gnu11 -g3 -DUSE_HAL_DRIVER -DSTM32F411xE -c -I../Inc -I"C:/Users/jcorleto/Documents/Altium Docs/Piggy-Pad-Firmware-Workspace/N64_Piggy_Pad_Cable/Drivers/CMSIS/Include" -I"C:/Users/jcorleto/Documents/Altium Docs/Piggy-Pad-Firmware-Workspace/N64_Piggy_Pad_Cable/Drivers/CMSIS/Device/ST/STM32F4xx/Include" -I"C:/Users/jcorleto/Documents/Altium Docs/Piggy-Pad-Firmware-Workspace/N64_Piggy_Pad_Cable/Drivers/STM32F4xx_HAL_Driver/Inc" -O0 -ffunction-sections -fdata-sections -Wall -fstack-usage -MMD -MP -MF"Drivers/STM32F4xx_HAL_Driver/Src/stm32f4xx_hal_cortex.d" -MT"Drivers/STM32F4xx_HAL_Driver/Src/stm32f4xx_hal_cortex.o" --specs=nano.specs -mfpu=fpv4-sp-d16 -mfloat-abi=hard -mthumb -o "Drivers/STM32F4xx_HAL_Driver/Src/stm32f4xx_hal_cortex.o"
arm-none-eabi-gcc "../Drivers/STM32F4xx_HAL_Driver/Src/stm32f4xx_hal_dma.c" -mcpu=cortex-m4 -std=gnu11 -g3 -DUSE_HAL_DRIVER -DSTM32F411xE -c -I../Inc -I"C:/Users/jcorleto/Documents/Altium Docs/Piggy-Pad-Firmware-Workspace/N64_Piggy_Pad_Cable/Drivers/CMSIS/Include" -I"C:/Users/jcorleto/Documents/Altium Docs/Piggy-Pad-Firmware-Workspace/N64_Piggy_Pad_Cable/Drivers/CMSIS/Device/ST/STM32F4xx/Include" -I"C:/Users/jcorleto/Documents/Altium Docs/Piggy-Pad-Firmware-Workspace/N64_Piggy_Pad_Cable/Drivers/STM32F4xx_HAL_Driver/Inc" -O0 -ffunction-sections -fdata-sections -Wall -fstack-usage -MMD -MP -MF"Drivers/STM32F4xx_HAL_Driver/Src/stm32f4xx_hal_dma.d" -MT"Drivers/STM32F4xx_HAL_Driver/Src/stm32f4xx_hal_dma.o" --specs=nano.specs -mfpu=fpv4-sp-d16 -mfloat-abi=hard -mthumb -o "Drivers/STM32F4xx_HAL_Driver/Src/stm32f4xx_hal_dma.o"
arm-none-eabi-gcc "../Drivers/STM32F4xx_HAL_Driver/Src/stm32f4xx_hal_dma_ex.c" -mcpu=cortex-m4 -std=gnu11 -g3 -DUSE_HAL_DRIVER -DSTM32F411xE -c -I../Inc -I"C:/Users/jcorleto/Documents/Altium Docs/Piggy-Pad-Firmware-Workspace/N64_Piggy_Pad_Cable/Drivers/CMSIS/Include" -I"C:/Users/jcorleto/Documents/Altium Docs/Piggy-Pad-Firmware-Workspace/N64_Piggy_Pad_Cable/Drivers/CMSIS/Device/ST/STM32F4xx/Include" -I"C:/Users/jcorleto/Documents/Altium Docs/Piggy-Pad-Firmware-Workspace/N64_Piggy_Pad_Cable/Drivers/STM32F4xx_HAL_Driver/Inc" -O0 -ffunction-sections -fdata-sections -Wall -fstack-usage -MMD -MP -MF"Drivers/STM32F4xx_HAL_Driver/Src/stm32f4xx_hal_dma_ex.d" -MT"Drivers/STM32F4xx_HAL_Driver/Src/stm32f4xx_hal_dma_ex.o" --specs=nano.specs -mfpu=fpv4-sp-d16 -mfloat-abi=hard -mthumb -o "Drivers/STM32F4xx_HAL_Driver/Src/stm32f4xx_hal_dma_ex.o"
arm-none-eabi-gcc "../Drivers/STM32F4xx_HAL_Driver/Src/stm32f4xx_hal_exti.c" -mcpu=cortex-m4 -std=gnu11 -g3 -DUSE_HAL_DRIVER -DSTM32F411xE -c -I../Inc -I"C:/Users/jcorleto/Documents/Altium Docs/Piggy-Pad-Firmware-Workspace/N64_Piggy_Pad_Cable/Drivers/CMSIS/Include" -I"C:/Users/jcorleto/Documents/Altium Docs/Piggy-Pad-Firmware-Workspace/N64_Piggy_Pad_Cable/Drivers/CMSIS/Device/ST/STM32F4xx/Include" -I"C:/Users/jcorleto/Documents/Altium Docs/Piggy-Pad-Firmware-Workspace/N64_Piggy_Pad_Cable/Drivers/STM32F4xx_HAL_Driver/Inc" -O0 -ffunction-sections -fdata-sections -Wall -fstack-usage -MMD -MP -MF"Drivers/STM32F4xx_HAL_Driver/Src/stm32f4xx_hal_exti.d" -MT"Drivers/STM32F4xx_HAL_Driver/Src/stm32f4xx_hal_exti.o" --specs=nano.specs -mfpu=fpv4-sp-d16 -mfloat-abi=hard -mthumb -o "Drivers/STM32F4xx_HAL_Driver/Src/stm32f4xx_hal_exti.o"
arm-none-eabi-gcc "../Drivers/STM32F4xx_HAL_Driver/Src/stm32f4xx_hal_flash.c" -mcpu=cortex-m4 -std=gnu11 -g3 -DUSE_HAL_DRIVER -DSTM32F411xE -c -I../Inc -I"C:/Users/jcorleto/Documents/Altium Docs/Piggy-Pad-Firmware-Workspace/N64_Piggy_Pad_Cable/Drivers/CMSIS/Include" -I"C:/Users/jcorleto/Documents/Altium Docs/Piggy-Pad-Firmware-Workspace/N64_Piggy_Pad_Cable/Drivers/CMSIS/Device/ST/STM32F4xx/Include" -I"C:/Users/jcorleto/Documents/Altium Docs/Piggy-Pad-Firmware-Workspace/N64_Piggy_Pad_Cable/Drivers/STM32F4xx_HAL_Driver/Inc" -O0 -ffunction-sections -fdata-sections -Wall -fstack-usage -MMD -MP -MF"Drivers/STM32F4xx_HAL_Driver/Src/stm32f4xx_hal_flash.d" -MT"Drivers/STM32F4xx_HAL_Driver/Src/stm32f4xx_hal_flash.o" --specs=nano.specs -mfpu=fpv4-sp-d16 -mfloat-abi=hard -mthumb -o "Drivers/STM32F4xx_HAL_Driver/Src/stm32f4xx_hal_flash.o"
In file included from ../Inc/main.h:7:0,
                 from ../Src/main.c:1:
../Inc/comms_n64_console.h:13:27: warning: 'huart1' defined but not used [-Wunused-variable]
 static UART_HandleTypeDef huart1;
                           ^~~~~~
arm-none-eabi-gcc "../Drivers/STM32F4xx_HAL_Driver/Src/stm32f4xx_hal_flash_ex.c" -mcpu=cortex-m4 -std=gnu11 -g3 -DUSE_HAL_DRIVER -DSTM32F411xE -c -I../Inc -I"C:/Users/jcorleto/Documents/Altium Docs/Piggy-Pad-Firmware-Workspace/N64_Piggy_Pad_Cable/Drivers/CMSIS/Include" -I"C:/Users/jcorleto/Documents/Altium Docs/Piggy-Pad-Firmware-Workspace/N64_Piggy_Pad_Cable/Drivers/CMSIS/Device/ST/STM32F4xx/Include" -I"C:/Users/jcorleto/Documents/Altium Docs/Piggy-Pad-Firmware-Workspace/N64_Piggy_Pad_Cable/Drivers/STM32F4xx_HAL_Driver/Inc" -O0 -ffunction-sections -fdata-sections -Wall -fstack-usage -MMD -MP -MF"Drivers/STM32F4xx_HAL_Driver/Src/stm32f4xx_hal_flash_ex.d" -MT"Drivers/STM32F4xx_HAL_Driver/Src/stm32f4xx_hal_flash_ex.o" --specs=nano.specs -mfpu=fpv4-sp-d16 -mfloat-abi=hard -mthumb -o "Drivers/STM32F4xx_HAL_Driver/Src/stm32f4xx_hal_flash_ex.o"
arm-none-eabi-gcc "../Drivers/STM32F4xx_HAL_Driver/Src/stm32f4xx_hal_flash_ramfunc.c" -mcpu=cortex-m4 -std=gnu11 -g3 -DUSE_HAL_DRIVER -DSTM32F411xE -c -I../Inc -I"C:/Users/jcorleto/Documents/Altium Docs/Piggy-Pad-Firmware-Workspace/N64_Piggy_Pad_Cable/Drivers/CMSIS/Include" -I"C:/Users/jcorleto/Documents/Altium Docs/Piggy-Pad-Firmware-Workspace/N64_Piggy_Pad_Cable/Drivers/CMSIS/Device/ST/STM32F4xx/Include" -I"C:/Users/jcorleto/Documents/Altium Docs/Piggy-Pad-Firmware-Workspace/N64_Piggy_Pad_Cable/Drivers/STM32F4xx_HAL_Driver/Inc" -O0 -ffunction-sections -fdata-sections -Wall -fstack-usage -MMD -MP -MF"Drivers/STM32F4xx_HAL_Driver/Src/stm32f4xx_hal_flash_ramfunc.d" -MT"Drivers/STM32F4xx_HAL_Driver/Src/stm32f4xx_hal_flash_ramfunc.o" --specs=nano.specs -mfpu=fpv4-sp-d16 -mfloat-abi=hard -mthumb -o "Drivers/STM32F4xx_HAL_Driver/Src/stm32f4xx_hal_flash_ramfunc.o"
arm-none-eabi-gcc "../Drivers/STM32F4xx_HAL_Driver/Src/stm32f4xx_hal_gpio.c" -mcpu=cortex-m4 -std=gnu11 -g3 -DUSE_HAL_DRIVER -DSTM32F411xE -c -I../Inc -I"C:/Users/jcorleto/Documents/Altium Docs/Piggy-Pad-Firmware-Workspace/N64_Piggy_Pad_Cable/Drivers/CMSIS/Include" -I"C:/Users/jcorleto/Documents/Altium Docs/Piggy-Pad-Firmware-Workspace/N64_Piggy_Pad_Cable/Drivers/CMSIS/Device/ST/STM32F4xx/Include" -I"C:/Users/jcorleto/Documents/Altium Docs/Piggy-Pad-Firmware-Workspace/N64_Piggy_Pad_Cable/Drivers/STM32F4xx_HAL_Driver/Inc" -O0 -ffunction-sections -fdata-sections -Wall -fstack-usage -MMD -MP -MF"Drivers/STM32F4xx_HAL_Driver/Src/stm32f4xx_hal_gpio.d" -MT"Drivers/STM32F4xx_HAL_Driver/Src/stm32f4xx_hal_gpio.o" --specs=nano.specs -mfpu=fpv4-sp-d16 -mfloat-abi=hard -mthumb -o "Drivers/STM32F4xx_HAL_Driver/Src/stm32f4xx_hal_gpio.o"
arm-none-eabi-gcc "../Drivers/STM32F4xx_HAL_Driver/Src/stm32f4xx_hal_pwr.c" -mcpu=cortex-m4 -std=gnu11 -g3 -DUSE_HAL_DRIVER -DSTM32F411xE -c -I../Inc -I"C:/Users/jcorleto/Documents/Altium Docs/Piggy-Pad-Firmware-Workspace/N64_Piggy_Pad_Cable/Drivers/CMSIS/Include" -I"C:/Users/jcorleto/Documents/Altium Docs/Piggy-Pad-Firmware-Workspace/N64_Piggy_Pad_Cable/Drivers/CMSIS/Device/ST/STM32F4xx/Include" -I"C:/Users/jcorleto/Documents/Altium Docs/Piggy-Pad-Firmware-Workspace/N64_Piggy_Pad_Cable/Drivers/STM32F4xx_HAL_Driver/Inc" -O0 -ffunction-sections -fdata-sections -Wall -fstack-usage -MMD -MP -MF"Drivers/STM32F4xx_HAL_Driver/Src/stm32f4xx_hal_pwr.d" -MT"Drivers/STM32F4xx_HAL_Driver/Src/stm32f4xx_hal_pwr.o" --specs=nano.specs -mfpu=fpv4-sp-d16 -mfloat-abi=hard -mthumb -o "Drivers/STM32F4xx_HAL_Driver/Src/stm32f4xx_hal_pwr.o"
arm-none-eabi-gcc "../Drivers/STM32F4xx_HAL_Driver/Src/stm32f4xx_hal_pwr_ex.c" -mcpu=cortex-m4 -std=gnu11 -g3 -DUSE_HAL_DRIVER -DSTM32F411xE -c -I../Inc -I"C:/Users/jcorleto/Documents/Altium Docs/Piggy-Pad-Firmware-Workspace/N64_Piggy_Pad_Cable/Drivers/CMSIS/Include" -I"C:/Users/jcorleto/Documents/Altium Docs/Piggy-Pad-Firmware-Workspace/N64_Piggy_Pad_Cable/Drivers/CMSIS/Device/ST/STM32F4xx/Include" -I"C:/Users/jcorleto/Documents/Altium Docs/Piggy-Pad-Firmware-Workspace/N64_Piggy_Pad_Cable/Drivers/STM32F4xx_HAL_Driver/Inc" -O0 -ffunction-sections -fdata-sections -Wall -fstack-usage -MMD -MP -MF"Drivers/STM32F4xx_HAL_Driver/Src/stm32f4xx_hal_pwr_ex.d" -MT"Drivers/STM32F4xx_HAL_Driver/Src/stm32f4xx_hal_pwr_ex.o" --specs=nano.specs -mfpu=fpv4-sp-d16 -mfloat-abi=hard -mthumb -o "Drivers/STM32F4xx_HAL_Driver/Src/stm32f4xx_hal_pwr_ex.o"
arm-none-eabi-gcc "../Drivers/STM32F4xx_HAL_Driver/Src/stm32f4xx_hal_rcc.c" -mcpu=cortex-m4 -std=gnu11 -g3 -DUSE_HAL_DRIVER -DSTM32F411xE -c -I../Inc -I"C:/Users/jcorleto/Documents/Altium Docs/Piggy-Pad-Firmware-Workspace/N64_Piggy_Pad_Cable/Drivers/CMSIS/Include" -I"C:/Users/jcorleto/Documents/Altium Docs/Piggy-Pad-Firmware-Workspace/N64_Piggy_Pad_Cable/Drivers/CMSIS/Device/ST/STM32F4xx/Include" -I"C:/Users/jcorleto/Documents/Altium Docs/Piggy-Pad-Firmware-Workspace/N64_Piggy_Pad_Cable/Drivers/STM32F4xx_HAL_Driver/Inc" -O0 -ffunction-sections -fdata-sections -Wall -fstack-usage -MMD -MP -MF"Drivers/STM32F4xx_HAL_Driver/Src/stm32f4xx_hal_rcc.d" -MT"Drivers/STM32F4xx_HAL_Driver/Src/stm32f4xx_hal_rcc.o" --specs=nano.specs -mfpu=fpv4-sp-d16 -mfloat-abi=hard -mthumb -o "Drivers/STM32F4xx_HAL_Driver/Src/stm32f4xx_hal_rcc.o"
arm-none-eabi-gcc "../Drivers/STM32F4xx_HAL_Driver/Src/stm32f4xx_hal_rcc_ex.c" -mcpu=cortex-m4 -std=gnu11 -g3 -DUSE_HAL_DRIVER -DSTM32F411xE -c -I../Inc -I"C:/Users/jcorleto/Documents/Altium Docs/Piggy-Pad-Firmware-Workspace/N64_Piggy_Pad_Cable/Drivers/CMSIS/Include" -I"C:/Users/jcorleto/Documents/Altium Docs/Piggy-Pad-Firmware-Workspace/N64_Piggy_Pad_Cable/Drivers/CMSIS/Device/ST/STM32F4xx/Include" -I"C:/Users/jcorleto/Documents/Altium Docs/Piggy-Pad-Firmware-Workspace/N64_Piggy_Pad_Cable/Drivers/STM32F4xx_HAL_Driver/Inc" -O0 -ffunction-sections -fdata-sections -Wall -fstack-usage -MMD -MP -MF"Drivers/STM32F4xx_HAL_Driver/Src/stm32f4xx_hal_rcc_ex.d" -MT"Drivers/STM32F4xx_HAL_Driver/Src/stm32f4xx_hal_rcc_ex.o" --specs=nano.specs -mfpu=fpv4-sp-d16 -mfloat-abi=hard -mthumb -o "Drivers/STM32F4xx_HAL_Driver/Src/stm32f4xx_hal_rcc_ex.o"
arm-none-eabi-gcc "../Drivers/STM32F4xx_HAL_Driver/Src/stm32f4xx_hal_uart.c" -mcpu=cortex-m4 -std=gnu11 -g3 -DUSE_HAL_DRIVER -DSTM32F411xE -c -I../Inc -I"C:/Users/jcorleto/Documents/Altium Docs/Piggy-Pad-Firmware-Workspace/N64_Piggy_Pad_Cable/Drivers/CMSIS/Include" -I"C:/Users/jcorleto/Documents/Altium Docs/Piggy-Pad-Firmware-Workspace/N64_Piggy_Pad_Cable/Drivers/CMSIS/Device/ST/STM32F4xx/Include" -I"C:/Users/jcorleto/Documents/Altium Docs/Piggy-Pad-Firmware-Workspace/N64_Piggy_Pad_Cable/Drivers/STM32F4xx_HAL_Driver/Inc" -O0 -ffunction-sections -fdata-sections -Wall -fstack-usage -MMD -MP -MF"Drivers/STM32F4xx_HAL_Driver/Src/stm32f4xx_hal_uart.d" -MT"Drivers/STM32F4xx_HAL_Driver/Src/stm32f4xx_hal_uart.o" --specs=nano.specs -mfpu=fpv4-sp-d16 -mfloat-abi=hard -mthumb -o "Drivers/STM32F4xx_HAL_Driver/Src/stm32f4xx_hal_uart.o"
arm-none-eabi-gcc "../Drivers/STM32F4xx_HAL_Driver/Src/stm32f4xx_hal_usart.c" -mcpu=cortex-m4 -std=gnu11 -g3 -DUSE_HAL_DRIVER -DSTM32F411xE -c -I../Inc -I"C:/Users/jcorleto/Documents/Altium Docs/Piggy-Pad-Firmware-Workspace/N64_Piggy_Pad_Cable/Drivers/CMSIS/Include" -I"C:/Users/jcorleto/Documents/Altium Docs/Piggy-Pad-Firmware-Workspace/N64_Piggy_Pad_Cable/Drivers/CMSIS/Device/ST/STM32F4xx/Include" -I"C:/Users/jcorleto/Documents/Altium Docs/Piggy-Pad-Firmware-Workspace/N64_Piggy_Pad_Cable/Drivers/STM32F4xx_HAL_Driver/Inc" -O0 -ffunction-sections -fdata-sections -Wall -fstack-usage -MMD -MP -MF"Drivers/STM32F4xx_HAL_Driver/Src/stm32f4xx_hal_usart.d" -MT"Drivers/STM32F4xx_HAL_Driver/Src/stm32f4xx_hal_usart.o" --specs=nano.specs -mfpu=fpv4-sp-d16 -mfloat-abi=hard -mthumb -o "Drivers/STM32F4xx_HAL_Driver/Src/stm32f4xx_hal_usart.o"
arm-none-eabi-gcc -o "N64_Piggy_Pad_Cable.elf" @"objects.list"   -mcpu=cortex-m4 -T"C:\Users\jcorleto\Documents\Altium Docs\Piggy-Pad-Firmware-Workspace\N64_Piggy_Pad_Cable\STM32F411CEUX_FLASH.ld" --specs=nosys.specs -Wl,-Map="N64_Piggy_Pad_Cable.map" -Wl,--gc-sections -static --specs=nano.specs -mfpu=fpv4-sp-d16 -mfloat-abi=hard -mthumb -Wl,--start-group -lc -lm -Wl,--end-group
Finished building target: N64_Piggy_Pad_Cable.elf
 
arm-none-eabi-size   N64_Piggy_Pad_Cable.elf 
arm-none-eabi-objdump -h -S  N64_Piggy_Pad_Cable.elf  > "N64_Piggy_Pad_Cable.list"
arm-none-eabi-objcopy  -O binary  N64_Piggy_Pad_Cable.elf  "N64_Piggy_Pad_Cable.bin"
   text	   data	    bss	    dec	    hex	filename
   2444	     20	   1572	   4036	    fc4	N64_Piggy_Pad_Cable.elf
Finished building: default.size.stdout
 
Finished building: N64_Piggy_Pad_Cable.bin
Finished building: N64_Piggy_Pad_Cable.list
 
 

15:42:39 Build Finished. 0 errors, 1 warnings. (took 1s.933ms)

